MPLINK 5.08, LINKER
Linker Map File - Created Fri Jan 19 17:12:00 2018

                                 Section Info
                  Section       Type    Address   Location Size(Bytes)
                ---------  ---------  ---------  ---------  ---------
                   .org_0       code   0x000000    program   0x000008
                   .org_1       code   0x000004    program   0x000382
                   .cinit    romdata   0x0001c5    program   0x000004
                    .code       code   0x0001c7    program   0x000278
.config_8007_BUILD/DEFAULT/PRODUCTION/PS2_RS2       code   0x008007    program   0x000002
.config_8008_BUILD/DEFAULT/PRODUCTION/PS2_RS2       code   0x008008    program   0x000002
                    queue      udata   0x000020       data   0x000010
               .udata_shr      udata   0x000070       data   0x00000a



                              Program Memory Usage 
                               Start         End      
                           ---------   ---------      
                            0x000000    0x000302      
                            0x008007    0x008008      
            773 out of 2055 program addresses used, program memory utilization is 37%



                              Symbols - Sorted by Name
                     Name    Address   Location    Storage File                     
                ---------  ---------  ---------  --------- ---------                
             _.org_1_0023   0x000023    program     static /home/jacques/github/ps2_rs232/ps2_rs232.X/ps2_rs232.asm
             _.org_1_0029   0x000029    program     static /home/jacques/github/ps2_rs232/ps2_rs232.X/ps2_rs232.asm
             _.org_1_002F   0x00002f    program     static /home/jacques/github/ps2_rs232/ps2_rs232.X/ps2_rs232.asm
             _.org_1_0046   0x000046    program     static /home/jacques/github/ps2_rs232/ps2_rs232.X/ps2_rs232.asm
             _.org_1_0053   0x000053    program     static /home/jacques/github/ps2_rs232/ps2_rs232.X/ps2_rs232.asm
             _.org_1_0057   0x000057    program     static /home/jacques/github/ps2_rs232/ps2_rs232.X/ps2_rs232.asm
             _.org_1_0059   0x000059    program     static /home/jacques/github/ps2_rs232/ps2_rs232.X/ps2_rs232.asm
             _.org_1_006F   0x00006f    program     static /home/jacques/github/ps2_rs232/ps2_rs232.X/ps2_rs232.asm
             _.org_1_007E   0x00007e    program     static /home/jacques/github/ps2_rs232/ps2_rs232.X/ps2_rs232.asm
             _.org_1_0084   0x000084    program     static /home/jacques/github/ps2_rs232/ps2_rs232.X/ps2_rs232.asm
             _.org_1_0089   0x000089    program     static /home/jacques/github/ps2_rs232/ps2_rs232.X/ps2_rs232.asm
             _.org_1_0092   0x000092    program     static /home/jacques/github/ps2_rs232/ps2_rs232.X/ps2_rs232.asm
             _.org_1_0098   0x000098    program     static /home/jacques/github/ps2_rs232/ps2_rs232.X/ps2_rs232.asm
             _.org_1_009F   0x00009f    program     static /home/jacques/github/ps2_rs232/ps2_rs232.X/ps2_rs232.asm
             _.org_1_01AF   0x0001af    program     static /home/jacques/github/ps2_rs232/ps2_rs232.X/ps2_rs232.asm
             _.org_1_01BB   0x0001bb    program     static /home/jacques/github/ps2_rs232/ps2_rs232.X/ps2_rs232.asm
             _.org_1_01BD   0x0001bd    program     static /home/jacques/github/ps2_rs232/ps2_rs232.X/ps2_rs232.asm
                 _altchar   0x0000bf    program     static /home/jacques/github/ps2_rs232/ps2_rs232.X/ps2_rs232.asm
                 _control   0x0000cd    program     static /home/jacques/github/ps2_rs232/ps2_rs232.X/ps2_rs232.asm
                 _shifted   0x0000b1    program     static /home/jacques/github/ps2_rs232/ps2_rs232.X/ps2_rs232.asm
                    alpha   0x0000e6    program     static /home/jacques/github/ps2_rs232/ps2_rs232.X/ps2_rs232.asm
                 alt_down   0x000162    program     static /home/jacques/github/ps2_rs232/ps2_rs232.X/ps2_rs232.asm
            altchar_found   0x0000ca    program     static /home/jacques/github/ps2_rs232/ps2_rs232.X/ps2_rs232.asm
                   altkey   0x00016c    program     static /home/jacques/github/ps2_rs232/ps2_rs232.X/ps2_rs232.asm
                  capskey   0x000170    program     static /home/jacques/github/ps2_rs232/ps2_rs232.X/ps2_rs232.asm
              clear_flags   0x000186    program     static /home/jacques/github/ps2_rs232/ps2_rs232.X/ps2_rs232.asm
             code_convert   0x000115    program     static /home/jacques/github/ps2_rs232/ps2_rs232.X/ps2_rs232.asm
                code_done   0x000188    program     static /home/jacques/github/ps2_rs232/ps2_rs232.X/ps2_rs232.asm
            control_found   0x0000e3    program     static /home/jacques/github/ps2_rs232/ps2_rs232.X/ps2_rs232.asm
                ctrl_down   0x00015c    program     static /home/jacques/github/ps2_rs232/ps2_rs232.X/ps2_rs232.asm
                ctrl_loop   0x0000d8    program     static /home/jacques/github/ps2_rs232/ps2_rs232.X/ps2_rs232.asm
                  ctrlkey   0x000168    program     static /home/jacques/github/ps2_rs232/ps2_rs232.X/ps2_rs232.asm
                   delete   0x000156    program     static /home/jacques/github/ps2_rs232/ps2_rs232.X/ps2_rs232.asm
                    found   0x00010f    program     static /home/jacques/github/ps2_rs232/ps2_rs232.X/ps2_rs232.asm
                get_pause   0x0000a2    program     static /home/jacques/github/ps2_rs232/ps2_rs232.X/ps2_rs232.asm
               if_shifted   0x0000ef    program     static /home/jacques/github/ps2_rs232/ps2_rs232.X/ps2_rs232.asm
              ignore_code   0x000186    program     static /home/jacques/github/ps2_rs232/ps2_rs232.X/ps2_rs232.asm
                     init   0x00018c    program     static /home/jacques/github/ps2_rs232/ps2_rs232.X/ps2_rs232.asm
                      isr   0x000004    program     static /home/jacques/github/ps2_rs232/ps2_rs232.X/ps2_rs232.asm
                 isr_exit   0x000041    program     static /home/jacques/github/ps2_rs232/ps2_rs232.X/ps2_rs232.asm
                 kbd_send   0x00005b    program     static /home/jacques/github/ps2_rs232/ps2_rs232.X/ps2_rs232.asm
            kbd_send_loop   0x00006c    program     static /home/jacques/github/ps2_rs232/ps2_rs232.X/ps2_rs232.asm
              key_release   0x000180    program     static /home/jacques/github/ps2_rs232/ps2_rs232.X/ps2_rs232.asm
                   letter   0x0000f8    program     static /home/jacques/github/ps2_rs232/ps2_rs232.X/ps2_rs232.asm
                     main   0x0001bf    program     static /home/jacques/github/ps2_rs232/ps2_rs232.X/ps2_rs232.asm
              micro_delay   0x000052    program     static /home/jacques/github/ps2_rs232/ps2_rs232.X/ps2_rs232.asm
                not_alpha   0x0000ed    program     static /home/jacques/github/ps2_rs232/ps2_rs232.X/ps2_rs232.asm
                   numkey   0x000176    program     static /home/jacques/github/ps2_rs232/ps2_rs232.X/ps2_rs232.asm
               parity_bit   0x000019    program     static /home/jacques/github/ps2_rs232/ps2_rs232.X/ps2_rs232.asm
             parity_check   0x00001e    program     static /home/jacques/github/ps2_rs232/ps2_rs232.X/ps2_rs232.asm
                     pkey   0x000182    program     static /home/jacques/github/ps2_rs232/ps2_rs232.X/ps2_rs232.asm
            receive_error   0x000043    program     static /home/jacques/github/ps2_rs232/ps2_rs232.X/ps2_rs232.asm
                      rst   0x000000    program     static /home/jacques/github/ps2_rs232/ps2_rs232.X/ps2_rs232.asm
                  send_it   0x00014d    program     static /home/jacques/github/ps2_rs232/ps2_rs232.X/ps2_rs232.asm
                 set_leds   0x00008e    program     static /home/jacques/github/ps2_rs232/ps2_rs232.X/ps2_rs232.asm
                 shift_on   0x0000fd    program     static /home/jacques/github/ps2_rs232/ps2_rs232.X/ps2_rs232.asm
            shifted_found   0x0000bc    program     static /home/jacques/github/ps2_rs232/ps2_rs232.X/ps2_rs232.asm
                 shiftkey   0x00017c    program     static /home/jacques/github/ps2_rs232/ps2_rs232.X/ps2_rs232.asm
             signal_reset   0x00009a    program     static /home/jacques/github/ps2_rs232/ps2_rs232.X/ps2_rs232.asm
                start_bit   0x00003c    program     static /home/jacques/github/ps2_rs232/ps2_rs232.X/ps2_rs232.asm
                std_codes   0x0001c7    program     extern /home/jacques/github/ps2_rs232/ps2_rs232.X/mcSaite.asm
                 stop_bit   0x00001c    program     static /home/jacques/github/ps2_rs232/ps2_rs232.X/ps2_rs232.asm
            table_altchar   0x0002df    program     extern /home/jacques/github/ps2_rs232/ps2_rs232.X/mcSaite.asm
            table_control   0x0002ef    program     extern /home/jacques/github/ps2_rs232/ps2_rs232.X/mcSaite.asm
            table_shifted   0x0002a3    program     extern /home/jacques/github/ps2_rs232/ps2_rs232.X/mcSaite.asm
                   to_hex   0x00004a    program     static /home/jacques/github/ps2_rs232/ps2_rs232.X/ps2_rs232.asm
               trans_loop   0x000102    program     static /home/jacques/github/ps2_rs232/ps2_rs232.X/ps2_rs232.asm
                translate   0x000100    program     static /home/jacques/github/ps2_rs232/ps2_rs232.X/ps2_rs232.asm
                uart_send   0x000044    program     static /home/jacques/github/ps2_rs232/ps2_rs232.X/ps2_rs232.asm
                wait_code   0x0000a4    program     static /home/jacques/github/ps2_rs232/ps2_rs232.X/ps2_rs232.asm
           wait_kbd_clock   0x000055    program     static /home/jacques/github/ps2_rs232/ps2_rs232.X/ps2_rs232.asm
                     xkey   0x000184    program     static /home/jacques/github/ps2_rs232/ps2_rs232.X/ps2_rs232.asm
                 xt_codes   0x00027b    program     extern /home/jacques/github/ps2_rs232/ps2_rs232.X/mcSaite.asm
                  bitcntr   0x000072       data     static /home/jacques/github/ps2_rs232/ps2_rs232.X/ps2_rs232.asm
                      cmd   0x000075       data     static /home/jacques/github/ps2_rs232/ps2_rs232.X/ps2_rs232.asm
                  in_byte   0x000073       data     static /home/jacques/github/ps2_rs232/ps2_rs232.X/ps2_rs232.asm
                 in_queue   0x000020       data     static /home/jacques/github/ps2_rs232/ps2_rs232.X/ps2_rs232.asm
                kbd_state   0x000076       data     static /home/jacques/github/ps2_rs232/ps2_rs232.X/ps2_rs232.asm
                   parity   0x000074       data     static /home/jacques/github/ps2_rs232/ps2_rs232.X/ps2_rs232.asm
                    qhead   0x000070       data     static /home/jacques/github/ps2_rs232/ps2_rs232.X/ps2_rs232.asm
                    qtail   0x000071       data     static /home/jacques/github/ps2_rs232/ps2_rs232.X/ps2_rs232.asm
                  rxflags   0x000077       data     static /home/jacques/github/ps2_rs232/ps2_rs232.X/ps2_rs232.asm
                       t0   0x000078       data     static /home/jacques/github/ps2_rs232/ps2_rs232.X/ps2_rs232.asm
                       t1   0x000079       data     static /home/jacques/github/ps2_rs232/ps2_rs232.X/ps2_rs232.asm



                              Symbols - Sorted by Address
                     Name    Address   Location    Storage File                     
                ---------  ---------  ---------  --------- ---------                
                      rst   0x000000    program     static /home/jacques/github/ps2_rs232/ps2_rs232.X/ps2_rs232.asm
                      isr   0x000004    program     static /home/jacques/github/ps2_rs232/ps2_rs232.X/ps2_rs232.asm
               parity_bit   0x000019    program     static /home/jacques/github/ps2_rs232/ps2_rs232.X/ps2_rs232.asm
                 stop_bit   0x00001c    program     static /home/jacques/github/ps2_rs232/ps2_rs232.X/ps2_rs232.asm
             parity_check   0x00001e    program     static /home/jacques/github/ps2_rs232/ps2_rs232.X/ps2_rs232.asm
             _.org_1_0023   0x000023    program     static /home/jacques/github/ps2_rs232/ps2_rs232.X/ps2_rs232.asm
             _.org_1_0029   0x000029    program     static /home/jacques/github/ps2_rs232/ps2_rs232.X/ps2_rs232.asm
             _.org_1_002F   0x00002f    program     static /home/jacques/github/ps2_rs232/ps2_rs232.X/ps2_rs232.asm
                start_bit   0x00003c    program     static /home/jacques/github/ps2_rs232/ps2_rs232.X/ps2_rs232.asm
                 isr_exit   0x000041    program     static /home/jacques/github/ps2_rs232/ps2_rs232.X/ps2_rs232.asm
            receive_error   0x000043    program     static /home/jacques/github/ps2_rs232/ps2_rs232.X/ps2_rs232.asm
                uart_send   0x000044    program     static /home/jacques/github/ps2_rs232/ps2_rs232.X/ps2_rs232.asm
             _.org_1_0046   0x000046    program     static /home/jacques/github/ps2_rs232/ps2_rs232.X/ps2_rs232.asm
                   to_hex   0x00004a    program     static /home/jacques/github/ps2_rs232/ps2_rs232.X/ps2_rs232.asm
              micro_delay   0x000052    program     static /home/jacques/github/ps2_rs232/ps2_rs232.X/ps2_rs232.asm
             _.org_1_0053   0x000053    program     static /home/jacques/github/ps2_rs232/ps2_rs232.X/ps2_rs232.asm
           wait_kbd_clock   0x000055    program     static /home/jacques/github/ps2_rs232/ps2_rs232.X/ps2_rs232.asm
             _.org_1_0057   0x000057    program     static /home/jacques/github/ps2_rs232/ps2_rs232.X/ps2_rs232.asm
             _.org_1_0059   0x000059    program     static /home/jacques/github/ps2_rs232/ps2_rs232.X/ps2_rs232.asm
                 kbd_send   0x00005b    program     static /home/jacques/github/ps2_rs232/ps2_rs232.X/ps2_rs232.asm
            kbd_send_loop   0x00006c    program     static /home/jacques/github/ps2_rs232/ps2_rs232.X/ps2_rs232.asm
             _.org_1_006F   0x00006f    program     static /home/jacques/github/ps2_rs232/ps2_rs232.X/ps2_rs232.asm
             _.org_1_007E   0x00007e    program     static /home/jacques/github/ps2_rs232/ps2_rs232.X/ps2_rs232.asm
             _.org_1_0084   0x000084    program     static /home/jacques/github/ps2_rs232/ps2_rs232.X/ps2_rs232.asm
             _.org_1_0089   0x000089    program     static /home/jacques/github/ps2_rs232/ps2_rs232.X/ps2_rs232.asm
                 set_leds   0x00008e    program     static /home/jacques/github/ps2_rs232/ps2_rs232.X/ps2_rs232.asm
             _.org_1_0092   0x000092    program     static /home/jacques/github/ps2_rs232/ps2_rs232.X/ps2_rs232.asm
             _.org_1_0098   0x000098    program     static /home/jacques/github/ps2_rs232/ps2_rs232.X/ps2_rs232.asm
             signal_reset   0x00009a    program     static /home/jacques/github/ps2_rs232/ps2_rs232.X/ps2_rs232.asm
             _.org_1_009F   0x00009f    program     static /home/jacques/github/ps2_rs232/ps2_rs232.X/ps2_rs232.asm
                get_pause   0x0000a2    program     static /home/jacques/github/ps2_rs232/ps2_rs232.X/ps2_rs232.asm
                wait_code   0x0000a4    program     static /home/jacques/github/ps2_rs232/ps2_rs232.X/ps2_rs232.asm
                 _shifted   0x0000b1    program     static /home/jacques/github/ps2_rs232/ps2_rs232.X/ps2_rs232.asm
            shifted_found   0x0000bc    program     static /home/jacques/github/ps2_rs232/ps2_rs232.X/ps2_rs232.asm
                 _altchar   0x0000bf    program     static /home/jacques/github/ps2_rs232/ps2_rs232.X/ps2_rs232.asm
            altchar_found   0x0000ca    program     static /home/jacques/github/ps2_rs232/ps2_rs232.X/ps2_rs232.asm
                 _control   0x0000cd    program     static /home/jacques/github/ps2_rs232/ps2_rs232.X/ps2_rs232.asm
                ctrl_loop   0x0000d8    program     static /home/jacques/github/ps2_rs232/ps2_rs232.X/ps2_rs232.asm
            control_found   0x0000e3    program     static /home/jacques/github/ps2_rs232/ps2_rs232.X/ps2_rs232.asm
                    alpha   0x0000e6    program     static /home/jacques/github/ps2_rs232/ps2_rs232.X/ps2_rs232.asm
                not_alpha   0x0000ed    program     static /home/jacques/github/ps2_rs232/ps2_rs232.X/ps2_rs232.asm
               if_shifted   0x0000ef    program     static /home/jacques/github/ps2_rs232/ps2_rs232.X/ps2_rs232.asm
                   letter   0x0000f8    program     static /home/jacques/github/ps2_rs232/ps2_rs232.X/ps2_rs232.asm
                 shift_on   0x0000fd    program     static /home/jacques/github/ps2_rs232/ps2_rs232.X/ps2_rs232.asm
                translate   0x000100    program     static /home/jacques/github/ps2_rs232/ps2_rs232.X/ps2_rs232.asm
               trans_loop   0x000102    program     static /home/jacques/github/ps2_rs232/ps2_rs232.X/ps2_rs232.asm
                    found   0x00010f    program     static /home/jacques/github/ps2_rs232/ps2_rs232.X/ps2_rs232.asm
             code_convert   0x000115    program     static /home/jacques/github/ps2_rs232/ps2_rs232.X/ps2_rs232.asm
                  send_it   0x00014d    program     static /home/jacques/github/ps2_rs232/ps2_rs232.X/ps2_rs232.asm
                   delete   0x000156    program     static /home/jacques/github/ps2_rs232/ps2_rs232.X/ps2_rs232.asm
                ctrl_down   0x00015c    program     static /home/jacques/github/ps2_rs232/ps2_rs232.X/ps2_rs232.asm
                 alt_down   0x000162    program     static /home/jacques/github/ps2_rs232/ps2_rs232.X/ps2_rs232.asm
                  ctrlkey   0x000168    program     static /home/jacques/github/ps2_rs232/ps2_rs232.X/ps2_rs232.asm
                   altkey   0x00016c    program     static /home/jacques/github/ps2_rs232/ps2_rs232.X/ps2_rs232.asm
                  capskey   0x000170    program     static /home/jacques/github/ps2_rs232/ps2_rs232.X/ps2_rs232.asm
                   numkey   0x000176    program     static /home/jacques/github/ps2_rs232/ps2_rs232.X/ps2_rs232.asm
                 shiftkey   0x00017c    program     static /home/jacques/github/ps2_rs232/ps2_rs232.X/ps2_rs232.asm
              key_release   0x000180    program     static /home/jacques/github/ps2_rs232/ps2_rs232.X/ps2_rs232.asm
                     pkey   0x000182    program     static /home/jacques/github/ps2_rs232/ps2_rs232.X/ps2_rs232.asm
                     xkey   0x000184    program     static /home/jacques/github/ps2_rs232/ps2_rs232.X/ps2_rs232.asm
              ignore_code   0x000186    program     static /home/jacques/github/ps2_rs232/ps2_rs232.X/ps2_rs232.asm
              clear_flags   0x000186    program     static /home/jacques/github/ps2_rs232/ps2_rs232.X/ps2_rs232.asm
                code_done   0x000188    program     static /home/jacques/github/ps2_rs232/ps2_rs232.X/ps2_rs232.asm
                     init   0x00018c    program     static /home/jacques/github/ps2_rs232/ps2_rs232.X/ps2_rs232.asm
             _.org_1_01AF   0x0001af    program     static /home/jacques/github/ps2_rs232/ps2_rs232.X/ps2_rs232.asm
             _.org_1_01BB   0x0001bb    program     static /home/jacques/github/ps2_rs232/ps2_rs232.X/ps2_rs232.asm
             _.org_1_01BD   0x0001bd    program     static /home/jacques/github/ps2_rs232/ps2_rs232.X/ps2_rs232.asm
                     main   0x0001bf    program     static /home/jacques/github/ps2_rs232/ps2_rs232.X/ps2_rs232.asm
                std_codes   0x0001c7    program     extern /home/jacques/github/ps2_rs232/ps2_rs232.X/mcSaite.asm
                 xt_codes   0x00027b    program     extern /home/jacques/github/ps2_rs232/ps2_rs232.X/mcSaite.asm
            table_shifted   0x0002a3    program     extern /home/jacques/github/ps2_rs232/ps2_rs232.X/mcSaite.asm
            table_altchar   0x0002df    program     extern /home/jacques/github/ps2_rs232/ps2_rs232.X/mcSaite.asm
            table_control   0x0002ef    program     extern /home/jacques/github/ps2_rs232/ps2_rs232.X/mcSaite.asm
                 in_queue   0x000020       data     static /home/jacques/github/ps2_rs232/ps2_rs232.X/ps2_rs232.asm
                    qhead   0x000070       data     static /home/jacques/github/ps2_rs232/ps2_rs232.X/ps2_rs232.asm
                    qtail   0x000071       data     static /home/jacques/github/ps2_rs232/ps2_rs232.X/ps2_rs232.asm
                  bitcntr   0x000072       data     static /home/jacques/github/ps2_rs232/ps2_rs232.X/ps2_rs232.asm
                  in_byte   0x000073       data     static /home/jacques/github/ps2_rs232/ps2_rs232.X/ps2_rs232.asm
                   parity   0x000074       data     static /home/jacques/github/ps2_rs232/ps2_rs232.X/ps2_rs232.asm
                      cmd   0x000075       data     static /home/jacques/github/ps2_rs232/ps2_rs232.X/ps2_rs232.asm
                kbd_state   0x000076       data     static /home/jacques/github/ps2_rs232/ps2_rs232.X/ps2_rs232.asm
                  rxflags   0x000077       data     static /home/jacques/github/ps2_rs232/ps2_rs232.X/ps2_rs232.asm
                       t0   0x000078       data     static /home/jacques/github/ps2_rs232/ps2_rs232.X/ps2_rs232.asm
                       t1   0x000079       data     static /home/jacques/github/ps2_rs232/ps2_rs232.X/ps2_rs232.asm


