MPLINK 5.08, LINKER
Linker Map File - Created Tue Dec 27 21:14:54 2016

                                 Section Info
                  Section       Type    Address   Location Size(Bytes)
                ---------  ---------  ---------  ---------  ---------
                   .org_0       code   0x000000    program   0x000008
                   .org_1       code   0x000004    program   0x000362
                   .cinit    romdata   0x0001b5    program   0x000004
                    .code       code   0x0001b7    program   0x000288
.config_8007_BUILD/DEFAULT/PRODUCTION/PS2_RS2       code   0x008007    program   0x000002
.config_8008_BUILD/DEFAULT/PRODUCTION/PS2_RS2       code   0x008008    program   0x000002
                    queue      udata   0x000020       data   0x000010
               .udata_shr      udata   0x000070       data   0x00000a



                              Program Memory Usage 
                               Start         End      
                           ---------   ---------      
                            0x000000    0x0002fa      
                            0x008007    0x008008      
            765 out of 2055 program addresses used, program memory utilization is 37%



                              Symbols - Sorted by Name
                     Name    Address   Location    Storage File                     
                ---------  ---------  ---------  --------- ---------                
             _.org_1_0015   0x000015    program     static /home/jacques/github/ps2_rs232/ps2_rs232.X/ps2_rs232.asm
             _.org_1_0023   0x000023    program     static /home/jacques/github/ps2_rs232/ps2_rs232.X/ps2_rs232.asm
             _.org_1_0029   0x000029    program     static /home/jacques/github/ps2_rs232/ps2_rs232.X/ps2_rs232.asm
             _.org_1_002F   0x00002f    program     static /home/jacques/github/ps2_rs232/ps2_rs232.X/ps2_rs232.asm
             _.org_1_0043   0x000043    program     static /home/jacques/github/ps2_rs232/ps2_rs232.X/ps2_rs232.asm
             _.org_1_005C   0x00005c    program     static /home/jacques/github/ps2_rs232/ps2_rs232.X/ps2_rs232.asm
             _.org_1_0060   0x000060    program     static /home/jacques/github/ps2_rs232/ps2_rs232.X/ps2_rs232.asm
             _.org_1_0062   0x000062    program     static /home/jacques/github/ps2_rs232/ps2_rs232.X/ps2_rs232.asm
             _.org_1_0078   0x000078    program     static /home/jacques/github/ps2_rs232/ps2_rs232.X/ps2_rs232.asm
             _.org_1_0087   0x000087    program     static /home/jacques/github/ps2_rs232/ps2_rs232.X/ps2_rs232.asm
             _.org_1_008D   0x00008d    program     static /home/jacques/github/ps2_rs232/ps2_rs232.X/ps2_rs232.asm
             _.org_1_0092   0x000092    program     static /home/jacques/github/ps2_rs232/ps2_rs232.X/ps2_rs232.asm
             _.org_1_009B   0x00009b    program     static /home/jacques/github/ps2_rs232/ps2_rs232.X/ps2_rs232.asm
             _.org_1_00A1   0x0000a1    program     static /home/jacques/github/ps2_rs232/ps2_rs232.X/ps2_rs232.asm
             _.org_1_0197   0x000197    program     static /home/jacques/github/ps2_rs232/ps2_rs232.X/ps2_rs232.asm
             _.org_1_01A3   0x0001a3    program     static /home/jacques/github/ps2_rs232/ps2_rs232.X/ps2_rs232.asm
             _.org_1_01A5   0x0001a5    program     static /home/jacques/github/ps2_rs232/ps2_rs232.X/ps2_rs232.asm
                 _altchar   0x0000c0    program     static /home/jacques/github/ps2_rs232/ps2_rs232.X/ps2_rs232.asm
                 _control   0x0000ce    program     static /home/jacques/github/ps2_rs232/ps2_rs232.X/ps2_rs232.asm
                 _shifted   0x0000b2    program     static /home/jacques/github/ps2_rs232/ps2_rs232.X/ps2_rs232.asm
                    alpha   0x0000dc    program     static /home/jacques/github/ps2_rs232/ps2_rs232.X/ps2_rs232.asm
                 alt_down   0x00014e    program     static /home/jacques/github/ps2_rs232/ps2_rs232.X/ps2_rs232.asm
            altchar_found   0x0000cb    program     static /home/jacques/github/ps2_rs232/ps2_rs232.X/ps2_rs232.asm
                   altkey   0x000158    program     static /home/jacques/github/ps2_rs232/ps2_rs232.X/ps2_rs232.asm
                  capskey   0x00015c    program     static /home/jacques/github/ps2_rs232/ps2_rs232.X/ps2_rs232.asm
              clear_flags   0x000172    program     static /home/jacques/github/ps2_rs232/ps2_rs232.X/ps2_rs232.asm
             code_convert   0x00010b    program     static /home/jacques/github/ps2_rs232/ps2_rs232.X/ps2_rs232.asm
                code_done   0x000174    program     static /home/jacques/github/ps2_rs232/ps2_rs232.X/ps2_rs232.asm
            control_found   0x0000d9    program     static /home/jacques/github/ps2_rs232/ps2_rs232.X/ps2_rs232.asm
                ctrl_down   0x000148    program     static /home/jacques/github/ps2_rs232/ps2_rs232.X/ps2_rs232.asm
                  ctrlkey   0x000154    program     static /home/jacques/github/ps2_rs232/ps2_rs232.X/ps2_rs232.asm
                    found   0x000105    program     static /home/jacques/github/ps2_rs232/ps2_rs232.X/ps2_rs232.asm
                get_pause   0x0000a3    program     static /home/jacques/github/ps2_rs232/ps2_rs232.X/ps2_rs232.asm
                 hex_send   0x00004e    program     static /home/jacques/github/ps2_rs232/ps2_rs232.X/ps2_rs232.asm
               if_shifted   0x0000e5    program     static /home/jacques/github/ps2_rs232/ps2_rs232.X/ps2_rs232.asm
              ignore_code   0x000172    program     static /home/jacques/github/ps2_rs232/ps2_rs232.X/ps2_rs232.asm
                     init   0x000178    program     static /home/jacques/github/ps2_rs232/ps2_rs232.X/ps2_rs232.asm
                      isr   0x000004    program     static /home/jacques/github/ps2_rs232/ps2_rs232.X/ps2_rs232.asm
                 isr_exit   0x00003f    program     static /home/jacques/github/ps2_rs232/ps2_rs232.X/ps2_rs232.asm
                 kbd_send   0x000064    program     static /home/jacques/github/ps2_rs232/ps2_rs232.X/ps2_rs232.asm
            kbd_send_loop   0x000075    program     static /home/jacques/github/ps2_rs232/ps2_rs232.X/ps2_rs232.asm
              key_release   0x00016c    program     static /home/jacques/github/ps2_rs232/ps2_rs232.X/ps2_rs232.asm
                   letter   0x0000ee    program     static /home/jacques/github/ps2_rs232/ps2_rs232.X/ps2_rs232.asm
                     main   0x0001af    program     static /home/jacques/github/ps2_rs232/ps2_rs232.X/ps2_rs232.asm
              micro_delay   0x00005b    program     static /home/jacques/github/ps2_rs232/ps2_rs232.X/ps2_rs232.asm
                not_alpha   0x0000e3    program     static /home/jacques/github/ps2_rs232/ps2_rs232.X/ps2_rs232.asm
                   numkey   0x000162    program     static /home/jacques/github/ps2_rs232/ps2_rs232.X/ps2_rs232.asm
               parity_bit   0x000019    program     static /home/jacques/github/ps2_rs232/ps2_rs232.X/ps2_rs232.asm
             parity_check   0x00001e    program     static /home/jacques/github/ps2_rs232/ps2_rs232.X/ps2_rs232.asm
                     pkey   0x00016e    program     static /home/jacques/github/ps2_rs232/ps2_rs232.X/ps2_rs232.asm
                      rst   0x000000    program     static /home/jacques/github/ps2_rs232/ps2_rs232.X/ps2_rs232.asm
                 set_leds   0x000097    program     static /home/jacques/github/ps2_rs232/ps2_rs232.X/ps2_rs232.asm
                 shift_on   0x0000f3    program     static /home/jacques/github/ps2_rs232/ps2_rs232.X/ps2_rs232.asm
            shifted_found   0x0000bd    program     static /home/jacques/github/ps2_rs232/ps2_rs232.X/ps2_rs232.asm
                 shiftkey   0x000168    program     static /home/jacques/github/ps2_rs232/ps2_rs232.X/ps2_rs232.asm
                start_bit   0x00003c    program     static /home/jacques/github/ps2_rs232/ps2_rs232.X/ps2_rs232.asm
                std_codes   0x0001b7    program     extern /home/jacques/github/ps2_rs232/ps2_rs232.X/mcSaite.asm
                 stop_bit   0x00001c    program     static /home/jacques/github/ps2_rs232/ps2_rs232.X/ps2_rs232.asm
            table_altchar   0x0002cf    program     extern /home/jacques/github/ps2_rs232/ps2_rs232.X/mcSaite.asm
            table_control   0x0002df    program     extern /home/jacques/github/ps2_rs232/ps2_rs232.X/mcSaite.asm
            table_shifted   0x000293    program     extern /home/jacques/github/ps2_rs232/ps2_rs232.X/mcSaite.asm
                     test   0x0001a7    program     static /home/jacques/github/ps2_rs232/ps2_rs232.X/ps2_rs232.asm
                   to_hex   0x000046    program     static /home/jacques/github/ps2_rs232/ps2_rs232.X/ps2_rs232.asm
               trans_loop   0x0000f8    program     static /home/jacques/github/ps2_rs232/ps2_rs232.X/ps2_rs232.asm
                translate   0x0000f6    program     static /home/jacques/github/ps2_rs232/ps2_rs232.X/ps2_rs232.asm
                uart_send   0x000041    program     static /home/jacques/github/ps2_rs232/ps2_rs232.X/ps2_rs232.asm
                wait_code   0x0000a5    program     static /home/jacques/github/ps2_rs232/ps2_rs232.X/ps2_rs232.asm
           wait_kbd_clock   0x00005e    program     static /home/jacques/github/ps2_rs232/ps2_rs232.X/ps2_rs232.asm
                     xkey   0x000170    program     static /home/jacques/github/ps2_rs232/ps2_rs232.X/ps2_rs232.asm
                 xt_codes   0x00026b    program     extern /home/jacques/github/ps2_rs232/ps2_rs232.X/mcSaite.asm
                  bitcntr   0x000072       data     static /home/jacques/github/ps2_rs232/ps2_rs232.X/ps2_rs232.asm
                      cmd   0x000075       data     static /home/jacques/github/ps2_rs232/ps2_rs232.X/ps2_rs232.asm
                  in_byte   0x000073       data     static /home/jacques/github/ps2_rs232/ps2_rs232.X/ps2_rs232.asm
                 in_queue   0x000020       data     static /home/jacques/github/ps2_rs232/ps2_rs232.X/ps2_rs232.asm
                kbd_state   0x000076       data     static /home/jacques/github/ps2_rs232/ps2_rs232.X/ps2_rs232.asm
                   parity   0x000074       data     static /home/jacques/github/ps2_rs232/ps2_rs232.X/ps2_rs232.asm
                    qhead   0x000070       data     static /home/jacques/github/ps2_rs232/ps2_rs232.X/ps2_rs232.asm
                    qtail   0x000071       data     static /home/jacques/github/ps2_rs232/ps2_rs232.X/ps2_rs232.asm
                  rxflags   0x000077       data     static /home/jacques/github/ps2_rs232/ps2_rs232.X/ps2_rs232.asm
                       t0   0x000078       data     static /home/jacques/github/ps2_rs232/ps2_rs232.X/ps2_rs232.asm
                       t1   0x000079       data     static /home/jacques/github/ps2_rs232/ps2_rs232.X/ps2_rs232.asm



                              Symbols - Sorted by Address
                     Name    Address   Location    Storage File                     
                ---------  ---------  ---------  --------- ---------                
                      rst   0x000000    program     static /home/jacques/github/ps2_rs232/ps2_rs232.X/ps2_rs232.asm
                      isr   0x000004    program     static /home/jacques/github/ps2_rs232/ps2_rs232.X/ps2_rs232.asm
             _.org_1_0015   0x000015    program     static /home/jacques/github/ps2_rs232/ps2_rs232.X/ps2_rs232.asm
               parity_bit   0x000019    program     static /home/jacques/github/ps2_rs232/ps2_rs232.X/ps2_rs232.asm
                 stop_bit   0x00001c    program     static /home/jacques/github/ps2_rs232/ps2_rs232.X/ps2_rs232.asm
             parity_check   0x00001e    program     static /home/jacques/github/ps2_rs232/ps2_rs232.X/ps2_rs232.asm
             _.org_1_0023   0x000023    program     static /home/jacques/github/ps2_rs232/ps2_rs232.X/ps2_rs232.asm
             _.org_1_0029   0x000029    program     static /home/jacques/github/ps2_rs232/ps2_rs232.X/ps2_rs232.asm
             _.org_1_002F   0x00002f    program     static /home/jacques/github/ps2_rs232/ps2_rs232.X/ps2_rs232.asm
                start_bit   0x00003c    program     static /home/jacques/github/ps2_rs232/ps2_rs232.X/ps2_rs232.asm
                 isr_exit   0x00003f    program     static /home/jacques/github/ps2_rs232/ps2_rs232.X/ps2_rs232.asm
                uart_send   0x000041    program     static /home/jacques/github/ps2_rs232/ps2_rs232.X/ps2_rs232.asm
             _.org_1_0043   0x000043    program     static /home/jacques/github/ps2_rs232/ps2_rs232.X/ps2_rs232.asm
                   to_hex   0x000046    program     static /home/jacques/github/ps2_rs232/ps2_rs232.X/ps2_rs232.asm
                 hex_send   0x00004e    program     static /home/jacques/github/ps2_rs232/ps2_rs232.X/ps2_rs232.asm
              micro_delay   0x00005b    program     static /home/jacques/github/ps2_rs232/ps2_rs232.X/ps2_rs232.asm
             _.org_1_005C   0x00005c    program     static /home/jacques/github/ps2_rs232/ps2_rs232.X/ps2_rs232.asm
           wait_kbd_clock   0x00005e    program     static /home/jacques/github/ps2_rs232/ps2_rs232.X/ps2_rs232.asm
             _.org_1_0060   0x000060    program     static /home/jacques/github/ps2_rs232/ps2_rs232.X/ps2_rs232.asm
             _.org_1_0062   0x000062    program     static /home/jacques/github/ps2_rs232/ps2_rs232.X/ps2_rs232.asm
                 kbd_send   0x000064    program     static /home/jacques/github/ps2_rs232/ps2_rs232.X/ps2_rs232.asm
            kbd_send_loop   0x000075    program     static /home/jacques/github/ps2_rs232/ps2_rs232.X/ps2_rs232.asm
             _.org_1_0078   0x000078    program     static /home/jacques/github/ps2_rs232/ps2_rs232.X/ps2_rs232.asm
             _.org_1_0087   0x000087    program     static /home/jacques/github/ps2_rs232/ps2_rs232.X/ps2_rs232.asm
             _.org_1_008D   0x00008d    program     static /home/jacques/github/ps2_rs232/ps2_rs232.X/ps2_rs232.asm
             _.org_1_0092   0x000092    program     static /home/jacques/github/ps2_rs232/ps2_rs232.X/ps2_rs232.asm
                 set_leds   0x000097    program     static /home/jacques/github/ps2_rs232/ps2_rs232.X/ps2_rs232.asm
             _.org_1_009B   0x00009b    program     static /home/jacques/github/ps2_rs232/ps2_rs232.X/ps2_rs232.asm
             _.org_1_00A1   0x0000a1    program     static /home/jacques/github/ps2_rs232/ps2_rs232.X/ps2_rs232.asm
                get_pause   0x0000a3    program     static /home/jacques/github/ps2_rs232/ps2_rs232.X/ps2_rs232.asm
                wait_code   0x0000a5    program     static /home/jacques/github/ps2_rs232/ps2_rs232.X/ps2_rs232.asm
                 _shifted   0x0000b2    program     static /home/jacques/github/ps2_rs232/ps2_rs232.X/ps2_rs232.asm
            shifted_found   0x0000bd    program     static /home/jacques/github/ps2_rs232/ps2_rs232.X/ps2_rs232.asm
                 _altchar   0x0000c0    program     static /home/jacques/github/ps2_rs232/ps2_rs232.X/ps2_rs232.asm
            altchar_found   0x0000cb    program     static /home/jacques/github/ps2_rs232/ps2_rs232.X/ps2_rs232.asm
                 _control   0x0000ce    program     static /home/jacques/github/ps2_rs232/ps2_rs232.X/ps2_rs232.asm
            control_found   0x0000d9    program     static /home/jacques/github/ps2_rs232/ps2_rs232.X/ps2_rs232.asm
                    alpha   0x0000dc    program     static /home/jacques/github/ps2_rs232/ps2_rs232.X/ps2_rs232.asm
                not_alpha   0x0000e3    program     static /home/jacques/github/ps2_rs232/ps2_rs232.X/ps2_rs232.asm
               if_shifted   0x0000e5    program     static /home/jacques/github/ps2_rs232/ps2_rs232.X/ps2_rs232.asm
                   letter   0x0000ee    program     static /home/jacques/github/ps2_rs232/ps2_rs232.X/ps2_rs232.asm
                 shift_on   0x0000f3    program     static /home/jacques/github/ps2_rs232/ps2_rs232.X/ps2_rs232.asm
                translate   0x0000f6    program     static /home/jacques/github/ps2_rs232/ps2_rs232.X/ps2_rs232.asm
               trans_loop   0x0000f8    program     static /home/jacques/github/ps2_rs232/ps2_rs232.X/ps2_rs232.asm
                    found   0x000105    program     static /home/jacques/github/ps2_rs232/ps2_rs232.X/ps2_rs232.asm
             code_convert   0x00010b    program     static /home/jacques/github/ps2_rs232/ps2_rs232.X/ps2_rs232.asm
                ctrl_down   0x000148    program     static /home/jacques/github/ps2_rs232/ps2_rs232.X/ps2_rs232.asm
                 alt_down   0x00014e    program     static /home/jacques/github/ps2_rs232/ps2_rs232.X/ps2_rs232.asm
                  ctrlkey   0x000154    program     static /home/jacques/github/ps2_rs232/ps2_rs232.X/ps2_rs232.asm
                   altkey   0x000158    program     static /home/jacques/github/ps2_rs232/ps2_rs232.X/ps2_rs232.asm
                  capskey   0x00015c    program     static /home/jacques/github/ps2_rs232/ps2_rs232.X/ps2_rs232.asm
                   numkey   0x000162    program     static /home/jacques/github/ps2_rs232/ps2_rs232.X/ps2_rs232.asm
                 shiftkey   0x000168    program     static /home/jacques/github/ps2_rs232/ps2_rs232.X/ps2_rs232.asm
              key_release   0x00016c    program     static /home/jacques/github/ps2_rs232/ps2_rs232.X/ps2_rs232.asm
                     pkey   0x00016e    program     static /home/jacques/github/ps2_rs232/ps2_rs232.X/ps2_rs232.asm
                     xkey   0x000170    program     static /home/jacques/github/ps2_rs232/ps2_rs232.X/ps2_rs232.asm
              ignore_code   0x000172    program     static /home/jacques/github/ps2_rs232/ps2_rs232.X/ps2_rs232.asm
              clear_flags   0x000172    program     static /home/jacques/github/ps2_rs232/ps2_rs232.X/ps2_rs232.asm
                code_done   0x000174    program     static /home/jacques/github/ps2_rs232/ps2_rs232.X/ps2_rs232.asm
                     init   0x000178    program     static /home/jacques/github/ps2_rs232/ps2_rs232.X/ps2_rs232.asm
             _.org_1_0197   0x000197    program     static /home/jacques/github/ps2_rs232/ps2_rs232.X/ps2_rs232.asm
             _.org_1_01A3   0x0001a3    program     static /home/jacques/github/ps2_rs232/ps2_rs232.X/ps2_rs232.asm
             _.org_1_01A5   0x0001a5    program     static /home/jacques/github/ps2_rs232/ps2_rs232.X/ps2_rs232.asm
                     test   0x0001a7    program     static /home/jacques/github/ps2_rs232/ps2_rs232.X/ps2_rs232.asm
                     main   0x0001af    program     static /home/jacques/github/ps2_rs232/ps2_rs232.X/ps2_rs232.asm
                std_codes   0x0001b7    program     extern /home/jacques/github/ps2_rs232/ps2_rs232.X/mcSaite.asm
                 xt_codes   0x00026b    program     extern /home/jacques/github/ps2_rs232/ps2_rs232.X/mcSaite.asm
            table_shifted   0x000293    program     extern /home/jacques/github/ps2_rs232/ps2_rs232.X/mcSaite.asm
            table_altchar   0x0002cf    program     extern /home/jacques/github/ps2_rs232/ps2_rs232.X/mcSaite.asm
            table_control   0x0002df    program     extern /home/jacques/github/ps2_rs232/ps2_rs232.X/mcSaite.asm
                 in_queue   0x000020       data     static /home/jacques/github/ps2_rs232/ps2_rs232.X/ps2_rs232.asm
                    qhead   0x000070       data     static /home/jacques/github/ps2_rs232/ps2_rs232.X/ps2_rs232.asm
                    qtail   0x000071       data     static /home/jacques/github/ps2_rs232/ps2_rs232.X/ps2_rs232.asm
                  bitcntr   0x000072       data     static /home/jacques/github/ps2_rs232/ps2_rs232.X/ps2_rs232.asm
                  in_byte   0x000073       data     static /home/jacques/github/ps2_rs232/ps2_rs232.X/ps2_rs232.asm
                   parity   0x000074       data     static /home/jacques/github/ps2_rs232/ps2_rs232.X/ps2_rs232.asm
                      cmd   0x000075       data     static /home/jacques/github/ps2_rs232/ps2_rs232.X/ps2_rs232.asm
                kbd_state   0x000076       data     static /home/jacques/github/ps2_rs232/ps2_rs232.X/ps2_rs232.asm
                  rxflags   0x000077       data     static /home/jacques/github/ps2_rs232/ps2_rs232.X/ps2_rs232.asm
                       t0   0x000078       data     static /home/jacques/github/ps2_rs232/ps2_rs232.X/ps2_rs232.asm
                       t1   0x000079       data     static /home/jacques/github/ps2_rs232/ps2_rs232.X/ps2_rs232.asm


